// Jest Snapshot v1, https://goo.gl/fbAQLP

exports[`<App /> component it renders without crashing 1`] = `
<div>
  <GroceryItemList />
</div>
`;
