// Jest Snapshot v1, https://goo.gl/fbAQLP

exports[`<GroceryItem /> it renders correctly 1`] = `
<div
  className="container"
>
  <div
    className="item"
  >
    <h4
      className="strikethrough"
    >
      mock-grocery-one
    </h4>
  </div>
  <form
    className="status"
    onSubmit={[Function]}
  >
    <button
      className="buy"
      id="buy"
      type="submit"
    >
      Unbuy
    </button>
  </form>
  <form
    id="del"
    onSubmit={[Function]}
  >
    <button
      className="delete-btn"
      type="submit"
    >
      Ã—
    </button>
  </form>
</div>
`;
